Component: ARM Compiler 5.05 update 1 (build 106) Tool: armlink [4d0efa]

==============================================================================

Section Cross References

    system.o(.text) refers to system.o(.data) for TimingDelay
    startup.o(RESET) refers to startup.o(STACK) for __initial_sp
    startup.o(RESET) refers to exception.o(.text) for NMI_Handler
    startup.o(RESET) refers to system.o(.text) for SystemInit
    startup.o(RESET) refers to entry.o(.ARM.Collect$$$$00000000) for __main
    ckcu.o(.text) refers to system.o(.text) for SystemCoreClockUpdate
    adc.o(.text) refers to rstcu.o(.text) for RSTCU_APBPerip0Reset
    gpio.o(.text) refers to rstcu.o(.text) for RSTCU_AHBPeripReset
    gptm.o(.text) refers to rstcu.o(.text) for RSTCU_APBPerip1Reset
    spi.o(.text) refers to rstcu.o(.text) for RSTCU_APBPerip0Reset
    usart.o(.text) refers to rstcu.o(.text) for RSTCU_APBPerip0Reset
    usart.o(.text) refers to ckcu.o(.text) for CKCU_GetUSARTClockFreq
    usart.o(.text) refers to uidiv.o(.text) for __aeabi_uidivmod
    flash.o(.text) refers to flash.o(.data) for write_err_flag
    i2c.o(.text) refers to rstcu.o(.text) for RSTCU_APBPerip0Reset
    i2c.o(.text) refers to system.o(.text) for SystemCoreClockUpdate
    i2c.o(.text) refers to uidiv.o(.text) for __aeabi_uidivmod
    wdt.o(.text) refers to rstcu.o(.text) for RSTCU_APBPerip1Reset
    crc.o(.text) refers to rstcu.o(.text) for RSTCU_AHBPeripReset
    comp.o(.text) refers to rstcu.o(.text) for RSTCU_APBPerip1Reset
    can.o(.text) refers to rstcu.o(.text) for RSTCU_AHBPeripReset
    exception.o(.text) refers to ckcu.o(.text) for NMI_Handler_IRQ
    exception.o(.text) refers to system.o(.text) for SystemCoreClockUpdate
    exception.o(.text) refers to gptm.o(.text) for GPTM_GetFlagStatus
    exception.o(.text) refers to remote_handle.o(.text) for ir_rx_capture_4khz
    exception.o(.text) refers to usart.o(.text) for USART_GetLineStatus
    main.o(.text) refers to ckcu.o(.text) for Set_sys_Frequency
    main.o(.text) refers to system.o(.text) for SystemInit
    main.o(.text) refers to bsp_led.o(.text) for LED_GPIO_Config
    main.o(.text) refers to bsp_usart.o(.text) for USARTx_Config
    main.o(.text) refers to bsp_spi.o(.text) for SPI0_Init
    main.o(.text) refers to bsp_timer.o(.text) for TIM_Mode_Config
    main.o(.text) refers to bk2425_initialization_141015.o(.text) for BK2425_Initialize
    main.o(.text) refers to test_func.o(.text) for Get_Chip_ID
    main.o(.text) refers to printf5.o(i.__0printf$5) for __2printf
    bsp_led.o(.text) refers to gpio.o(.text) for GPIO_DirectionConfig
    bsp_usart.o(.text) refers to am8813_misc.o(.text) for NVIC_Init
    bsp_usart.o(.text) refers to usart.o(.text) for USART_DeInit
    bsp_usart.o(.text) refers to gpio.o(.text) for AFIO_GPCConfig
    bsp_timer.o(.text) refers to am8813_misc.o(.text) for NVIC_Init
    bsp_timer.o(.text) refers to gptm.o(.text) for GPTM_DeInit
    remote_handle.o(.text) refers to gpio.o(.text) for GPIO_ReadInBit
    remote_handle.o(.text) refers to printf5.o(i.__0printf$5) for __2printf
    remote_handle.o(.text) refers to memseta.o(.text) for __aeabi_memclr
    remote_handle.o(.text) refers to ir_decode.o(.text) for remote_decode_ir
    remote_handle.o(.text) refers to bk2425_txrx.o(.text) for Send_Packet
    remote_handle.o(.text) refers to remote_handle.o(.bss) for port_state
    remote_handle.o(.text) refers to remote_handle.o(.data) for write_ptr
    remote_handle.o(.text) refers to ir_decode.o(.bss) for remote_decode
    ir_decode.o(.text) refers to ir_decode.o(i.__ARM_common_switch8) for __ARM_common_switch8
    ir_decode.o(.text) refers to ir_decode.o(.bss) for remote_decode
    bsp_spi.o(.text) refers to spi.o(.text) for SPI_DeInit
    bsp_spi.o(.text) refers to gpio.o(.text) for GPIO_PullResistorConfig
    bsp_spi.o(.text) refers to printf5.o(i.__0printf$5) for __2printf
    bk2425_initialization_141015.o(.text) refers to bsp_spi.o(.text) for SPI_RW_Byte
    bk2425_initialization_141015.o(.text) refers to system.o(.text) for Delay_ms
    bk2425_initialization_141015.o(.text) refers to bk2425_initialization_141015.o(.data) for op_status
    bk2425_txrx.o(.text) refers to bk2425_initialization_141015.o(.text) for SPI_Read_Reg
    bk2425_txrx.o(.text) refers to printf5.o(i.__0printf$5) for __2printf
    test_func.o(.text) refers to bk2425_initialization_141015.o(.text) for SwitchCFG
    test_func.o(.text) refers to bk2425_initialization_141015.o(.data) for Bank1_Reg0_13
    entry.o(.ARM.Collect$$$$00000000) refers (Special) to entry10a.o(.ARM.Collect$$$$0000000D) for __rt_final_cpp
    entry.o(.ARM.Collect$$$$00000000) refers (Special) to entry11a.o(.ARM.Collect$$$$0000000F) for __rt_final_exit
    entry.o(.ARM.Collect$$$$00000000) refers (Special) to entry7b.o(.ARM.Collect$$$$00000008) for _main_clock
    entry.o(.ARM.Collect$$$$00000000) refers (Special) to entry8b.o(.ARM.Collect$$$$0000000A) for _main_cpp_init
    entry.o(.ARM.Collect$$$$00000000) refers (Special) to entry9a.o(.ARM.Collect$$$$0000000B) for _main_init
    entry.o(.ARM.Collect$$$$00000000) refers (Special) to entry5.o(.ARM.Collect$$$$00000004) for _main_scatterload
    entry.o(.ARM.Collect$$$$00000000) refers (Special) to entry2.o(.ARM.Collect$$$$00000001) for _main_stk
    printfb.o(i.__0fprintf$bare) refers to printfb.o(i._printf_core) for _printf_core
    printfb.o(i.__0fprintf$bare) refers to bsp_usart.o(.text) for fputc
    printfb.o(i.__0printf$bare) refers to printfb.o(i._printf_core) for _printf_core
    printfb.o(i.__0printf$bare) refers to bsp_usart.o(.text) for fputc
    printfb.o(i.__0printf$bare) refers to stdout.o(.data) for __stdout
    printfb.o(i.__0snprintf$bare) refers to printfb.o(i._printf_core) for _printf_core
    printfb.o(i.__0snprintf$bare) refers to printfb.o(i._snputc) for _snputc
    printfb.o(i.__0sprintf$bare) refers to printfb.o(i._printf_core) for _printf_core
    printfb.o(i.__0sprintf$bare) refers to printfb.o(i._sputc) for _sputc
    printfb.o(i.__0vfprintf$bare) refers to printfb.o(i._printf_core) for _printf_core
    printfb.o(i.__0vfprintf$bare) refers to bsp_usart.o(.text) for fputc
    printfb.o(i.__0vprintf$bare) refers to printfb.o(i._printf_core) for _printf_core
    printfb.o(i.__0vprintf$bare) refers to bsp_usart.o(.text) for fputc
    printfb.o(i.__0vprintf$bare) refers to stdout.o(.data) for __stdout
    printfb.o(i.__0vsnprintf$bare) refers to printfb.o(i._printf_core) for _printf_core
    printfb.o(i.__0vsnprintf$bare) refers to printfb.o(i._snputc) for _snputc
    printfb.o(i.__0vsprintf$bare) refers to printfb.o(i._printf_core) for _printf_core
    printfb.o(i.__0vsprintf$bare) refers to printfb.o(i._sputc) for _sputc
    printf0.o(i.__0fprintf$0) refers to printf0.o(i._printf_core) for _printf_core
    printf0.o(i.__0fprintf$0) refers to bsp_usart.o(.text) for fputc
    printf0.o(i.__0printf$0) refers to printf0.o(i._printf_core) for _printf_core
    printf0.o(i.__0printf$0) refers to bsp_usart.o(.text) for fputc
    printf0.o(i.__0printf$0) refers to stdout.o(.data) for __stdout
    printf0.o(i.__0snprintf$0) refers to printf0.o(i._printf_core) for _printf_core
    printf0.o(i.__0snprintf$0) refers to printf0.o(i._snputc) for _snputc
    printf0.o(i.__0sprintf$0) refers to printf0.o(i._printf_core) for _printf_core
    printf0.o(i.__0sprintf$0) refers to printf0.o(i._sputc) for _sputc
    printf0.o(i.__0vfprintf$0) refers to printf0.o(i._printf_core) for _printf_core
    printf0.o(i.__0vfprintf$0) refers to bsp_usart.o(.text) for fputc
    printf0.o(i.__0vprintf$0) refers to printf0.o(i._printf_core) for _printf_core
    printf0.o(i.__0vprintf$0) refers to bsp_usart.o(.text) for fputc
    printf0.o(i.__0vprintf$0) refers to stdout.o(.data) for __stdout
    printf0.o(i.__0vsnprintf$0) refers to printf0.o(i._printf_core) for _printf_core
    printf0.o(i.__0vsnprintf$0) refers to printf0.o(i._snputc) for _snputc
    printf0.o(i.__0vsprintf$0) refers to printf0.o(i._printf_core) for _printf_core
    printf0.o(i.__0vsprintf$0) refers to printf0.o(i._sputc) for _sputc
    printf1.o(i.__0fprintf$1) refers to printf1.o(i._printf_core) for _printf_core
    printf1.o(i.__0fprintf$1) refers to bsp_usart.o(.text) for fputc
    printf1.o(i.__0printf$1) refers to printf1.o(i._printf_core) for _printf_core
    printf1.o(i.__0printf$1) refers to bsp_usart.o(.text) for fputc
    printf1.o(i.__0printf$1) refers to stdout.o(.data) for __stdout
    printf1.o(i.__0snprintf$1) refers to printf1.o(i._printf_core) for _printf_core
    printf1.o(i.__0snprintf$1) refers to printf1.o(i._snputc) for _snputc
    printf1.o(i.__0sprintf$1) refers to printf1.o(i._printf_core) for _printf_core
    printf1.o(i.__0sprintf$1) refers to printf1.o(i._sputc) for _sputc
    printf1.o(i.__0vfprintf$1) refers to printf1.o(i._printf_core) for _printf_core
    printf1.o(i.__0vfprintf$1) refers to bsp_usart.o(.text) for fputc
    printf1.o(i.__0vprintf$1) refers to printf1.o(i._printf_core) for _printf_core
    printf1.o(i.__0vprintf$1) refers to bsp_usart.o(.text) for fputc
    printf1.o(i.__0vprintf$1) refers to stdout.o(.data) for __stdout
    printf1.o(i.__0vsnprintf$1) refers to printf1.o(i._printf_core) for _printf_core
    printf1.o(i.__0vsnprintf$1) refers to printf1.o(i._snputc) for _snputc
    printf1.o(i.__0vsprintf$1) refers to printf1.o(i._printf_core) for _printf_core
    printf1.o(i.__0vsprintf$1) refers to printf1.o(i._sputc) for _sputc
    printf1.o(i._printf_core) refers to uidiv.o(.text) for __aeabi_uidivmod
    printf2.o(i.__0fprintf$2) refers to printf2.o(i._printf_core) for _printf_core
    printf2.o(i.__0fprintf$2) refers to bsp_usart.o(.text) for fputc
    printf2.o(i.__0printf$2) refers to printf2.o(i._printf_core) for _printf_core
    printf2.o(i.__0printf$2) refers to bsp_usart.o(.text) for fputc
    printf2.o(i.__0printf$2) refers to stdout.o(.data) for __stdout
    printf2.o(i.__0snprintf$2) refers to printf2.o(i._printf_core) for _printf_core
    printf2.o(i.__0snprintf$2) refers to printf2.o(i._snputc) for _snputc
    printf2.o(i.__0sprintf$2) refers to printf2.o(i._printf_core) for _printf_core
    printf2.o(i.__0sprintf$2) refers to printf2.o(i._sputc) for _sputc
    printf2.o(i.__0vfprintf$2) refers to printf2.o(i._printf_core) for _printf_core
    printf2.o(i.__0vfprintf$2) refers to bsp_usart.o(.text) for fputc
    printf2.o(i.__0vprintf$2) refers to printf2.o(i._printf_core) for _printf_core
    printf2.o(i.__0vprintf$2) refers to bsp_usart.o(.text) for fputc
    printf2.o(i.__0vprintf$2) refers to stdout.o(.data) for __stdout
    printf2.o(i.__0vsnprintf$2) refers to printf2.o(i._printf_core) for _printf_core
    printf2.o(i.__0vsnprintf$2) refers to printf2.o(i._snputc) for _snputc
    printf2.o(i.__0vsprintf$2) refers to printf2.o(i._printf_core) for _printf_core
    printf2.o(i.__0vsprintf$2) refers to printf2.o(i._sputc) for _sputc
    printf3.o(i.__0fprintf$3) refers to printf3.o(i._printf_core) for _printf_core
    printf3.o(i.__0fprintf$3) refers to bsp_usart.o(.text) for fputc
    printf3.o(i.__0printf$3) refers to printf3.o(i._printf_core) for _printf_core
    printf3.o(i.__0printf$3) refers to bsp_usart.o(.text) for fputc
    printf3.o(i.__0printf$3) refers to stdout.o(.data) for __stdout
    printf3.o(i.__0snprintf$3) refers to printf3.o(i._printf_core) for _printf_core
    printf3.o(i.__0snprintf$3) refers to printf3.o(i._snputc) for _snputc
    printf3.o(i.__0sprintf$3) refers to printf3.o(i._printf_core) for _printf_core
    printf3.o(i.__0sprintf$3) refers to printf3.o(i._sputc) for _sputc
    printf3.o(i.__0vfprintf$3) refers to printf3.o(i._printf_core) for _printf_core
    printf3.o(i.__0vfprintf$3) refers to bsp_usart.o(.text) for fputc
    printf3.o(i.__0vprintf$3) refers to printf3.o(i._printf_core) for _printf_core
    printf3.o(i.__0vprintf$3) refers to bsp_usart.o(.text) for fputc
    printf3.o(i.__0vprintf$3) refers to stdout.o(.data) for __stdout
    printf3.o(i.__0vsnprintf$3) refers to printf3.o(i._printf_core) for _printf_core
    printf3.o(i.__0vsnprintf$3) refers to printf3.o(i._snputc) for _snputc
    printf3.o(i.__0vsprintf$3) refers to printf3.o(i._printf_core) for _printf_core
    printf3.o(i.__0vsprintf$3) refers to printf3.o(i._sputc) for _sputc
    printf3.o(i._printf_core) refers to uidiv.o(.text) for __aeabi_uidivmod
    printf4.o(i.__0fprintf$4) refers to printf4.o(i._printf_core) for _printf_core
    printf4.o(i.__0fprintf$4) refers to bsp_usart.o(.text) for fputc
    printf4.o(i.__0printf$4) refers to printf4.o(i._printf_core) for _printf_core
    printf4.o(i.__0printf$4) refers to bsp_usart.o(.text) for fputc
    printf4.o(i.__0printf$4) refers to stdout.o(.data) for __stdout
    printf4.o(i.__0snprintf$4) refers to printf4.o(i._printf_core) for _printf_core
    printf4.o(i.__0snprintf$4) refers to printf4.o(i._snputc) for _snputc
    printf4.o(i.__0sprintf$4) refers to printf4.o(i._printf_core) for _printf_core
    printf4.o(i.__0sprintf$4) refers to printf4.o(i._sputc) for _sputc
    printf4.o(i.__0vfprintf$4) refers to printf4.o(i._printf_core) for _printf_core
    printf4.o(i.__0vfprintf$4) refers to bsp_usart.o(.text) for fputc
    printf4.o(i.__0vprintf$4) refers to printf4.o(i._printf_core) for _printf_core
    printf4.o(i.__0vprintf$4) refers to bsp_usart.o(.text) for fputc
    printf4.o(i.__0vprintf$4) refers to stdout.o(.data) for __stdout
    printf4.o(i.__0vsnprintf$4) refers to printf4.o(i._printf_core) for _printf_core
    printf4.o(i.__0vsnprintf$4) refers to printf4.o(i._snputc) for _snputc
    printf4.o(i.__0vsprintf$4) refers to printf4.o(i._printf_core) for _printf_core
    printf4.o(i.__0vsprintf$4) refers to printf4.o(i._sputc) for _sputc
    printf4.o(i._printf_core) refers to uldiv.o(.text) for __aeabi_uldivmod
    printf5.o(i.__0fprintf$5) refers to printf5.o(i._printf_core) for _printf_core
    printf5.o(i.__0fprintf$5) refers to bsp_usart.o(.text) for fputc
    printf5.o(i.__0printf$5) refers to printf5.o(i._printf_core) for _printf_core
    printf5.o(i.__0printf$5) refers to bsp_usart.o(.text) for fputc
    printf5.o(i.__0printf$5) refers to stdout.o(.data) for __stdout
    printf5.o(i.__0snprintf$5) refers to printf5.o(i._printf_core) for _printf_core
    printf5.o(i.__0snprintf$5) refers to printf5.o(i._snputc) for _snputc
    printf5.o(i.__0sprintf$5) refers to printf5.o(i._printf_core) for _printf_core
    printf5.o(i.__0sprintf$5) refers to printf5.o(i._sputc) for _sputc
    printf5.o(i.__0vfprintf$5) refers to printf5.o(i._printf_core) for _printf_core
    printf5.o(i.__0vfprintf$5) refers to bsp_usart.o(.text) for fputc
    printf5.o(i.__0vprintf$5) refers to printf5.o(i._printf_core) for _printf_core
    printf5.o(i.__0vprintf$5) refers to bsp_usart.o(.text) for fputc
    printf5.o(i.__0vprintf$5) refers to stdout.o(.data) for __stdout
    printf5.o(i.__0vsnprintf$5) refers to printf5.o(i._printf_core) for _printf_core
    printf5.o(i.__0vsnprintf$5) refers to printf5.o(i._snputc) for _snputc
    printf5.o(i.__0vsprintf$5) refers to printf5.o(i._printf_core) for _printf_core
    printf5.o(i.__0vsprintf$5) refers to printf5.o(i._sputc) for _sputc
    printf5.o(i._printf_core) refers to uldiv.o(.text) for __aeabi_uldivmod
    printf6.o(i.__0fprintf$6) refers to printf6.o(i._printf_core) for _printf_core
    printf6.o(i.__0fprintf$6) refers to bsp_usart.o(.text) for fputc
    printf6.o(i.__0printf$6) refers to printf6.o(i._printf_core) for _printf_core
    printf6.o(i.__0printf$6) refers to bsp_usart.o(.text) for fputc
    printf6.o(i.__0printf$6) refers to stdout.o(.data) for __stdout
    printf6.o(i.__0snprintf$6) refers to printf6.o(i._printf_core) for _printf_core
    printf6.o(i.__0snprintf$6) refers to printf6.o(i._snputc) for _snputc
    printf6.o(i.__0sprintf$6) refers to printf6.o(i._printf_core) for _printf_core
    printf6.o(i.__0sprintf$6) refers to printf6.o(i._sputc) for _sputc
    printf6.o(i.__0vfprintf$6) refers to printf6.o(i._printf_core) for _printf_core
    printf6.o(i.__0vfprintf$6) refers to bsp_usart.o(.text) for fputc
    printf6.o(i.__0vprintf$6) refers to printf6.o(i._printf_core) for _printf_core
    printf6.o(i.__0vprintf$6) refers to bsp_usart.o(.text) for fputc
    printf6.o(i.__0vprintf$6) refers to stdout.o(.data) for __stdout
    printf6.o(i.__0vsnprintf$6) refers to printf6.o(i._printf_core) for _printf_core
    printf6.o(i.__0vsnprintf$6) refers to printf6.o(i._snputc) for _snputc
    printf6.o(i.__0vsprintf$6) refers to printf6.o(i._printf_core) for _printf_core
    printf6.o(i.__0vsprintf$6) refers to printf6.o(i._sputc) for _sputc
    printf6.o(i._printf_core) refers to printf6.o(i._printf_pre_padding) for _printf_pre_padding
    printf6.o(i._printf_core) refers to printf6.o(i._printf_post_padding) for _printf_post_padding
    printf6.o(i._printf_core) refers to uidiv.o(.text) for __aeabi_uidivmod
    printf7.o(i.__0fprintf$7) refers to printf7.o(i._printf_core) for _printf_core
    printf7.o(i.__0fprintf$7) refers to bsp_usart.o(.text) for fputc
    printf7.o(i.__0printf$7) refers to printf7.o(i._printf_core) for _printf_core
    printf7.o(i.__0printf$7) refers to bsp_usart.o(.text) for fputc
    printf7.o(i.__0printf$7) refers to stdout.o(.data) for __stdout
    printf7.o(i.__0snprintf$7) refers to printf7.o(i._printf_core) for _printf_core
    printf7.o(i.__0snprintf$7) refers to printf7.o(i._snputc) for _snputc
    printf7.o(i.__0sprintf$7) refers to printf7.o(i._printf_core) for _printf_core
    printf7.o(i.__0sprintf$7) refers to printf7.o(i._sputc) for _sputc
    printf7.o(i.__0vfprintf$7) refers to printf7.o(i._printf_core) for _printf_core
    printf7.o(i.__0vfprintf$7) refers to bsp_usart.o(.text) for fputc
    printf7.o(i.__0vprintf$7) refers to printf7.o(i._printf_core) for _printf_core
    printf7.o(i.__0vprintf$7) refers to bsp_usart.o(.text) for fputc
    printf7.o(i.__0vprintf$7) refers to stdout.o(.data) for __stdout
    printf7.o(i.__0vsnprintf$7) refers to printf7.o(i._printf_core) for _printf_core
    printf7.o(i.__0vsnprintf$7) refers to printf7.o(i._snputc) for _snputc
    printf7.o(i.__0vsprintf$7) refers to printf7.o(i._printf_core) for _printf_core
    printf7.o(i.__0vsprintf$7) refers to printf7.o(i._sputc) for _sputc
    printf7.o(i._printf_core) refers to printf7.o(i._printf_pre_padding) for _printf_pre_padding
    printf7.o(i._printf_core) refers to printf7.o(i._printf_post_padding) for _printf_post_padding
    printf7.o(i._printf_core) refers to uldiv.o(.text) for __aeabi_uldivmod
    printf8.o(i.__0fprintf$8) refers to printf8.o(i._printf_core) for _printf_core
    printf8.o(i.__0fprintf$8) refers to bsp_usart.o(.text) for fputc
    printf8.o(i.__0printf$8) refers to printf8.o(i._printf_core) for _printf_core
    printf8.o(i.__0printf$8) refers to bsp_usart.o(.text) for fputc
    printf8.o(i.__0printf$8) refers to stdout.o(.data) for __stdout
    printf8.o(i.__0snprintf$8) refers to printf8.o(i._printf_core) for _printf_core
    printf8.o(i.__0snprintf$8) refers to printf8.o(i._snputc) for _snputc
    printf8.o(i.__0sprintf$8) refers to printf8.o(i._printf_core) for _printf_core
    printf8.o(i.__0sprintf$8) refers to printf8.o(i._sputc) for _sputc
    printf8.o(i.__0vfprintf$8) refers to printf8.o(i._printf_core) for _printf_core
    printf8.o(i.__0vfprintf$8) refers to bsp_usart.o(.text) for fputc
    printf8.o(i.__0vprintf$8) refers to printf8.o(i._printf_core) for _printf_core
    printf8.o(i.__0vprintf$8) refers to bsp_usart.o(.text) for fputc
    printf8.o(i.__0vprintf$8) refers to stdout.o(.data) for __stdout
    printf8.o(i.__0vsnprintf$8) refers to printf8.o(i._printf_core) for _printf_core
    printf8.o(i.__0vsnprintf$8) refers to printf8.o(i._snputc) for _snputc
    printf8.o(i.__0vsprintf$8) refers to printf8.o(i._printf_core) for _printf_core
    printf8.o(i.__0vsprintf$8) refers to printf8.o(i._sputc) for _sputc
    printf8.o(i._printf_core) refers to printf8.o(i._printf_pre_padding) for _printf_pre_padding
    printf8.o(i._printf_core) refers to printf8.o(i._printf_post_padding) for _printf_post_padding
    printf8.o(i._printf_core) refers to uldiv.o(.text) for __aeabi_uldivmod
    printfa.o(i.__0fprintf) refers (Special) to iusefp.o(.text) for __I$use$fp
    printfa.o(i.__0fprintf) refers to printfa.o(i._printf_core) for _printf_core
    printfa.o(i.__0fprintf) refers to bsp_usart.o(.text) for fputc
    printfa.o(i.__0printf) refers (Special) to iusefp.o(.text) for __I$use$fp
    printfa.o(i.__0printf) refers to printfa.o(i._printf_core) for _printf_core
    printfa.o(i.__0printf) refers to bsp_usart.o(.text) for fputc
    printfa.o(i.__0printf) refers to stdout.o(.data) for __stdout
    printfa.o(i.__0snprintf) refers (Special) to iusefp.o(.text) for __I$use$fp
    printfa.o(i.__0snprintf) refers to printfa.o(i._printf_core) for _printf_core
    printfa.o(i.__0snprintf) refers to printfa.o(i._snputc) for _snputc
    printfa.o(i.__0sprintf) refers (Special) to iusefp.o(.text) for __I$use$fp
    printfa.o(i.__0sprintf) refers to printfa.o(i._printf_core) for _printf_core
    printfa.o(i.__0sprintf) refers to printfa.o(i._sputc) for _sputc
    printfa.o(i.__0vfprintf) refers (Special) to iusefp.o(.text) for __I$use$fp
    printfa.o(i.__0vfprintf) refers to printfa.o(i._printf_core) for _printf_core
    printfa.o(i.__0vfprintf) refers to bsp_usart.o(.text) for fputc
    printfa.o(i.__0vprintf) refers (Special) to iusefp.o(.text) for __I$use$fp
    printfa.o(i.__0vprintf) refers to printfa.o(i._printf_core) for _printf_core
    printfa.o(i.__0vprintf) refers to bsp_usart.o(.text) for fputc
    printfa.o(i.__0vprintf) refers to stdout.o(.data) for __stdout
    printfa.o(i.__0vsnprintf) refers (Special) to iusefp.o(.text) for __I$use$fp
    printfa.o(i.__0vsnprintf) refers to printfa.o(i._printf_core) for _printf_core
    printfa.o(i.__0vsnprintf) refers to printfa.o(i._snputc) for _snputc
    printfa.o(i.__0vsprintf) refers (Special) to iusefp.o(.text) for __I$use$fp
    printfa.o(i.__0vsprintf) refers to printfa.o(i._printf_core) for _printf_core
    printfa.o(i.__0vsprintf) refers to printfa.o(i._sputc) for _sputc
    printfa.o(i._fp_digits) refers (Special) to iusefp.o(.text) for __I$use$fp
    printfa.o(i._fp_digits) refers to dmul.o(.text) for __aeabi_dmul
    printfa.o(i._fp_digits) refers to ddiv.o(.text) for __aeabi_ddiv
    printfa.o(i._fp_digits) refers to cdrcmple.o(.text) for __aeabi_cdrcmple
    printfa.o(i._fp_digits) refers to dadd.o(.text) for __aeabi_dadd
    printfa.o(i._fp_digits) refers to dfixul.o(.text) for __aeabi_d2ulz
    printfa.o(i._fp_digits) refers to uldiv.o(.text) for __aeabi_uldivmod
    printfa.o(i._printf_core) refers (Special) to iusefp.o(.text) for __I$use$fp
    printfa.o(i._printf_core) refers to printfa.o(i._printf_pre_padding) for _printf_pre_padding
    printfa.o(i._printf_core) refers to uldiv.o(.text) for __aeabi_uldivmod
    printfa.o(i._printf_core) refers to printfa.o(i._printf_post_padding) for _printf_post_padding
    printfa.o(i._printf_core) refers to printfa.o(i._fp_digits) for _fp_digits
    printfa.o(i._printf_core) refers to uidiv.o(.text) for __aeabi_uidivmod
    printfa.o(i._printf_post_padding) refers (Special) to iusefp.o(.text) for __I$use$fp
    printfa.o(i._printf_pre_padding) refers (Special) to iusefp.o(.text) for __I$use$fp
    printfa.o(i._snputc) refers (Special) to iusefp.o(.text) for __I$use$fp
    printfa.o(i._sputc) refers (Special) to iusefp.o(.text) for __I$use$fp
    entry2.o(.ARM.Collect$$$$00000001) refers to entry2.o(.ARM.Collect$$$$00002712) for __lit__00000000
    entry2.o(.ARM.Collect$$$$00002712) refers to startup.o(STACK) for __initial_sp
    entry2.o(__vectab_stack_and_reset_area) refers to startup.o(STACK) for __initial_sp
    entry2.o(__vectab_stack_and_reset_area) refers to entry.o(.ARM.Collect$$$$00000000) for __main
    entry5.o(.ARM.Collect$$$$00000004) refers to init.o(.text) for __scatterload
    entry9a.o(.ARM.Collect$$$$0000000B) refers to main.o(.text) for main
    entry9b.o(.ARM.Collect$$$$0000000C) refers to main.o(.text) for main
    uldiv.o(.text) refers to llushr.o(.text) for __aeabi_llsr
    uldiv.o(.text) refers to llshl.o(.text) for __aeabi_llsl
    dadd.o(.text) refers to llshl.o(.text) for __aeabi_llsl
    dadd.o(.text) refers to llsshr.o(.text) for __aeabi_lasr
    dadd.o(.text) refers to depilogue.o(.text) for _double_epilogue
    dmul.o(.text) refers to depilogue.o(.text) for _double_epilogue
    ddiv.o(.text) refers to depilogue.o(.text) for _double_round
    dfixul.o(.text) refers to llushr.o(.text) for __aeabi_llsr
    dfixul.o(.text) refers to llshl.o(.text) for __aeabi_llsl
    init.o(.text) refers to entry5.o(.ARM.Collect$$$$00000004) for __main_after_scatterload
    depilogue.o(.text) refers to depilogue.o(i.__ARM_clz) for __ARM_clz
    depilogue.o(.text) refers to llshl.o(.text) for __aeabi_llsl
    depilogue.o(.text) refers to llushr.o(.text) for __aeabi_llsr


==============================================================================

Removing Unused input sections from the image.

    Removing system.o(.emb_text), (8 bytes).
    Removing startup.o(HEAP), (0 bytes).
    Removing am8813_misc.o(.emb_text), (8 bytes).
    Removing ckcu.o(.emb_text), (8 bytes).
    Removing rstcu.o(.emb_text), (8 bytes).
    Removing adc.o(.emb_text), (8 bytes).
    Removing adc.o(.text), (656 bytes).
    Removing gpio.o(.emb_text), (8 bytes).
    Removing gptm.o(.emb_text), (8 bytes).
    Removing pdma.o(.emb_text), (8 bytes).
    Removing pdma.o(.text), (456 bytes).
    Removing spi.o(.emb_text), (8 bytes).
    Removing usart.o(.emb_text), (8 bytes).
    Removing lcd.o(.emb_text), (8 bytes).
    Removing lcd.o(.text), (412 bytes).
    Removing flash.o(.emb_text), (8 bytes).
    Removing flash.o(.text), (564 bytes).
    Removing flash.o(.data), (2 bytes).
    Removing i2c.o(.emb_text), (8 bytes).
    Removing i2c.o(.text), (796 bytes).
    Removing misc.o(.emb_text), (8 bytes).
    Removing misc.o(.text), (176 bytes).
    Removing pwrcu.o(.emb_text), (8 bytes).
    Removing pwrcu.o(.text), (556 bytes).
    Removing rtc.o(.emb_text), (8 bytes).
    Removing rtc.o(.text), (404 bytes).
    Removing wdt.o(.emb_text), (8 bytes).
    Removing wdt.o(.text), (416 bytes).
    Removing crc.o(.emb_text), (8 bytes).
    Removing crc.o(.text), (136 bytes).
    Removing comp.o(.emb_text), (8 bytes).
    Removing comp.o(.text), (336 bytes).
    Removing trng.o(.emb_text), (8 bytes).
    Removing trng.o(.text), (80 bytes).
    Removing can.o(.emb_text), (8 bytes).
    Removing can.o(.text), (280 bytes).
    Removing exception.o(.emb_text), (8 bytes).
    Removing main.o(.emb_text), (8 bytes).
    Removing main.o(.data), (11 bytes).
    Removing bsp_led.o(.emb_text), (8 bytes).
    Removing bsp_usart.o(.emb_text), (8 bytes).
    Removing bsp_timer.o(.emb_text), (8 bytes).
    Removing remote_handle.o(.emb_text), (8 bytes).
    Removing ir_decode.o(.emb_text), (8 bytes).
    Removing bsp_spi.o(.emb_text), (8 bytes).
    Removing bk2425_initialization_141015.o(.emb_text), (8 bytes).
    Removing bk2425_txrx.o(.emb_text), (8 bytes).
    Removing test_func.o(.emb_text), (8 bytes).
    Removing dadd.o(.text), (356 bytes).
    Removing dmul.o(.text), (208 bytes).
    Removing ddiv.o(.text), (240 bytes).
    Removing dfixul.o(.text), (64 bytes).
    Removing cdrcmple.o(.text), (40 bytes).
    Removing depilogue.o(.text), (190 bytes).
    Removing depilogue.o(i.__ARM_clz), (46 bytes).

55 unused section(s) (total 6681 bytes) removed from the image.

==============================================================================

Image Symbol Table

    Local Symbols

    Symbol Name                              Value     Ov Type        Size  Object(Section)

    RESET                                    0x00000000   Section      228  startup.o(RESET)
    ../clib/microlib/division.c              0x00000000   Number         0  uidiv.o ABSOLUTE
    ../clib/microlib/division.c              0x00000000   Number         0  uldiv.o ABSOLUTE
    ../clib/microlib/init/entry.s            0x00000000   Number         0  entry2.o ABSOLUTE
    ../clib/microlib/init/entry.s            0x00000000   Number         0  entry7b.o ABSOLUTE
    ../clib/microlib/init/entry.s            0x00000000   Number         0  entry8a.o ABSOLUTE
    ../clib/microlib/init/entry.s            0x00000000   Number         0  entry8b.o ABSOLUTE
    ../clib/microlib/init/entry.s            0x00000000   Number         0  entry9a.o ABSOLUTE
    ../clib/microlib/init/entry.s            0x00000000   Number         0  entry9b.o ABSOLUTE
    ../clib/microlib/init/entry.s            0x00000000   Number         0  entry10a.o ABSOLUTE
    ../clib/microlib/init/entry.s            0x00000000   Number         0  entry5.o ABSOLUTE
    ../clib/microlib/init/entry.s            0x00000000   Number         0  entry.o ABSOLUTE
    ../clib/microlib/init/entry.s            0x00000000   Number         0  entry11a.o ABSOLUTE
    ../clib/microlib/init/entry.s            0x00000000   Number         0  entry11b.o ABSOLUTE
    ../clib/microlib/init/entry.s            0x00000000   Number         0  entry10b.o ABSOLUTE
    ../clib/microlib/init/entry.s            0x00000000   Number         0  entry7a.o ABSOLUTE
    ../clib/microlib/longlong.c              0x00000000   Number         0  llsshr.o ABSOLUTE
    ../clib/microlib/longlong.c              0x00000000   Number         0  llushr.o ABSOLUTE
    ../clib/microlib/longlong.c              0x00000000   Number         0  llshl.o ABSOLUTE
    ../clib/microlib/printf/printf.c         0x00000000   Number         0  printf1.o ABSOLUTE
    ../clib/microlib/printf/printf.c         0x00000000   Number         0  printfa.o ABSOLUTE
    ../clib/microlib/printf/printf.c         0x00000000   Number         0  printf8.o ABSOLUTE
    ../clib/microlib/printf/printf.c         0x00000000   Number         0  printf7.o ABSOLUTE
    ../clib/microlib/printf/printf.c         0x00000000   Number         0  printf6.o ABSOLUTE
    ../clib/microlib/printf/printf.c         0x00000000   Number         0  printf5.o ABSOLUTE
    ../clib/microlib/printf/printf.c         0x00000000   Number         0  printf4.o ABSOLUTE
    ../clib/microlib/printf/printf.c         0x00000000   Number         0  printf3.o ABSOLUTE
    ../clib/microlib/printf/printf.c         0x00000000   Number         0  printf2.o ABSOLUTE
    ../clib/microlib/printf/printf.c         0x00000000   Number         0  printfb.o ABSOLUTE
    ../clib/microlib/printf/printf.c         0x00000000   Number         0  printf0.o ABSOLUTE
    ../clib/microlib/printf/stubs.s          0x00000000   Number         0  stubs.o ABSOLUTE
    ../clib/microlib/stdio/streams.c         0x00000000   Number         0  stdout.o ABSOLUTE
    ../clib/microlib/string/memset.c         0x00000000   Number         0  memseta.o ABSOLUTE
    ../clib/microlib/stubs.s                 0x00000000   Number         0  iusefp.o ABSOLUTE
    ../fplib/microlib/fpadd.c                0x00000000   Number         0  dadd.o ABSOLUTE
    ../fplib/microlib/fpdiv.c                0x00000000   Number         0  ddiv.o ABSOLUTE
    ../fplib/microlib/fpepilogue.c           0x00000000   Number         0  depilogue.o ABSOLUTE
    ../fplib/microlib/fpfix.c                0x00000000   Number         0  dfixul.o ABSOLUTE
    ../fplib/microlib/fpmul.c                0x00000000   Number         0  dmul.o ABSOLUTE
    ..\\driver\\src\\adc.c                   0x00000000   Number         0  adc.o ABSOLUTE
    ..\\driver\\src\\can.c                   0x00000000   Number         0  can.o ABSOLUTE
    ..\\driver\\src\\ckcu.c                  0x00000000   Number         0  ckcu.o ABSOLUTE
    ..\\driver\\src\\comp.c                  0x00000000   Number         0  comp.o ABSOLUTE
    ..\\driver\\src\\crc.c                   0x00000000   Number         0  crc.o ABSOLUTE
    ..\\driver\\src\\flash.c                 0x00000000   Number         0  flash.o ABSOLUTE
    ..\\driver\\src\\gpio.c                  0x00000000   Number         0  gpio.o ABSOLUTE
    ..\\driver\\src\\gptm.c                  0x00000000   Number         0  gptm.o ABSOLUTE
    ..\\driver\\src\\i2c.c                   0x00000000   Number         0  i2c.o ABSOLUTE
    ..\\driver\\src\\lcd.c                   0x00000000   Number         0  lcd.o ABSOLUTE
    ..\\driver\\src\\misc.c                  0x00000000   Number         0  misc.o ABSOLUTE
    ..\\driver\\src\\pdma.c                  0x00000000   Number         0  pdma.o ABSOLUTE
    ..\\driver\\src\\pwrcu.c                 0x00000000   Number         0  pwrcu.o ABSOLUTE
    ..\\driver\\src\\rstcu.c                 0x00000000   Number         0  rstcu.o ABSOLUTE
    ..\\driver\\src\\rtc.c                   0x00000000   Number         0  rtc.o ABSOLUTE
    ..\\driver\\src\\spi.c                   0x00000000   Number         0  spi.o ABSOLUTE
    ..\\driver\\src\\trng.c                  0x00000000   Number         0  trng.o ABSOLUTE
    ..\\driver\\src\\usart.c                 0x00000000   Number         0  usart.o ABSOLUTE
    ..\\driver\\src\\wdt.c                   0x00000000   Number         0  wdt.o ABSOLUTE
    ..\driver\src\adc.c                      0x00000000   Number         0  adc.o ABSOLUTE
    ..\driver\src\can.c                      0x00000000   Number         0  can.o ABSOLUTE
    ..\driver\src\ckcu.c                     0x00000000   Number         0  ckcu.o ABSOLUTE
    ..\driver\src\comp.c                     0x00000000   Number         0  comp.o ABSOLUTE
    ..\driver\src\crc.c                      0x00000000   Number         0  crc.o ABSOLUTE
    ..\driver\src\flash.c                    0x00000000   Number         0  flash.o ABSOLUTE
    ..\driver\src\gpio.c                     0x00000000   Number         0  gpio.o ABSOLUTE
    ..\driver\src\gptm.c                     0x00000000   Number         0  gptm.o ABSOLUTE
    ..\driver\src\i2c.c                      0x00000000   Number         0  i2c.o ABSOLUTE
    ..\driver\src\lcd.c                      0x00000000   Number         0  lcd.o ABSOLUTE
    ..\driver\src\misc.c                     0x00000000   Number         0  misc.o ABSOLUTE
    ..\driver\src\pdma.c                     0x00000000   Number         0  pdma.o ABSOLUTE
    ..\driver\src\pwrcu.c                    0x00000000   Number         0  pwrcu.o ABSOLUTE
    ..\driver\src\rstcu.c                    0x00000000   Number         0  rstcu.o ABSOLUTE
    ..\driver\src\rtc.c                      0x00000000   Number         0  rtc.o ABSOLUTE
    ..\driver\src\spi.c                      0x00000000   Number         0  spi.o ABSOLUTE
    ..\driver\src\trng.c                     0x00000000   Number         0  trng.o ABSOLUTE
    ..\driver\src\usart.c                    0x00000000   Number         0  usart.o ABSOLUTE
    ..\driver\src\wdt.c                      0x00000000   Number         0  wdt.o ABSOLUTE
    User\2.4G\BK2425_Initialization_141015.c 0x00000000   Number         0  bk2425_initialization_141015.o ABSOLUTE
    User\2.4G\BK2425_TxRx.c                  0x00000000   Number         0  bk2425_txrx.o ABSOLUTE
    User\2.4G\Test_Func.c                    0x00000000   Number         0  test_func.o ABSOLUTE
    User\\2.4G\\BK2425_Initialization_141015.c 0x00000000   Number         0  bk2425_initialization_141015.o ABSOLUTE
    User\\2.4G\\BK2425_TxRx.c                0x00000000   Number         0  bk2425_txrx.o ABSOLUTE
    User\\2.4G\\Test_Func.c                  0x00000000   Number         0  test_func.o ABSOLUTE
    User\\ir\\ir_decode.c                    0x00000000   Number         0  ir_decode.o ABSOLUTE
    User\\ir\\remote_handle.c                0x00000000   Number         0  remote_handle.o ABSOLUTE
    User\\led\\bsp_led.c                     0x00000000   Number         0  bsp_led.o ABSOLUTE
    User\\spi0\\bsp_spi.c                    0x00000000   Number         0  bsp_spi.o ABSOLUTE
    User\\timer\\bsp_timer.c                 0x00000000   Number         0  bsp_timer.o ABSOLUTE
    User\\usart\\bsp_usart.c                 0x00000000   Number         0  bsp_usart.o ABSOLUTE
    User\ir\ir_decode.c                      0x00000000   Number         0  ir_decode.o ABSOLUTE
    User\ir\remote_handle.c                  0x00000000   Number         0  remote_handle.o ABSOLUTE
    User\led\bsp_led.c                       0x00000000   Number         0  bsp_led.o ABSOLUTE
    User\spi0\bsp_spi.c                      0x00000000   Number         0  bsp_spi.o ABSOLUTE
    User\timer\bsp_timer.c                   0x00000000   Number         0  bsp_timer.o ABSOLUTE
    User\usart\bsp_usart.c                   0x00000000   Number         0  bsp_usart.o ABSOLUTE
    cdrcmple.s                               0x00000000   Number         0  cdrcmple.o ABSOLUTE
    dc.s                                     0x00000000   Number         0  dc.o ABSOLUTE
    handlers.s                               0x00000000   Number         0  handlers.o ABSOLUTE
    init.s                                   0x00000000   Number         0  init.o ABSOLUTE
    src\AM8813_misc.c                        0x00000000   Number         0  am8813_misc.o ABSOLUTE
    src\\AM8813_misc.c                       0x00000000   Number         0  am8813_misc.o ABSOLUTE
    src\\exception.c                         0x00000000   Number         0  exception.o ABSOLUTE
    src\\main.c                              0x00000000   Number         0  main.o ABSOLUTE
    src\\system.c                            0x00000000   Number         0  system.o ABSOLUTE
    src\exception.c                          0x00000000   Number         0  exception.o ABSOLUTE
    src\main.c                               0x00000000   Number         0  main.o ABSOLUTE
    src\startup.s                            0x00000000   Number         0  startup.o ABSOLUTE
    src\system.c                             0x00000000   Number         0  system.o ABSOLUTE
    .ARM.Collect$$$$00000000                 0x000000e4   Section        0  entry.o(.ARM.Collect$$$$00000000)
    .ARM.Collect$$$$00000001                 0x000000e4   Section        4  entry2.o(.ARM.Collect$$$$00000001)
    .ARM.Collect$$$$00000004                 0x000000e8   Section        4  entry5.o(.ARM.Collect$$$$00000004)
    .ARM.Collect$$$$00000008                 0x000000ec   Section        0  entry7b.o(.ARM.Collect$$$$00000008)
    .ARM.Collect$$$$0000000A                 0x000000ec   Section        0  entry8b.o(.ARM.Collect$$$$0000000A)
    .ARM.Collect$$$$0000000B                 0x000000ec   Section        8  entry9a.o(.ARM.Collect$$$$0000000B)
    .ARM.Collect$$$$0000000D                 0x000000f4   Section        0  entry10a.o(.ARM.Collect$$$$0000000D)
    .ARM.Collect$$$$0000000F                 0x000000f4   Section        0  entry11a.o(.ARM.Collect$$$$0000000F)
    .ARM.Collect$$$$00002712                 0x000000f4   Section        4  entry2.o(.ARM.Collect$$$$00002712)
    __lit__00000000                          0x000000f4   Data           4  entry2.o(.ARM.Collect$$$$00002712)
    .text                                    0x000000f8   Section        0  system.o(.text)
    NVIC_SetPriority                         0x00000177   Thumb Code   110  system.o(.text)
    .text                                    0x000001f8   Section        0  am8813_misc.o(.text)
    .text                                    0x000002fc   Section        0  ckcu.o(.text)
    .text                                    0x000005fc   Section        0  rstcu.o(.text)
    .text                                    0x00000654   Section        0  gpio.o(.text)
    .text                                    0x00000ae0   Section        0  gptm.o(.text)
    gptm_CHx_Config                          0x00000bd9   Thumb Code    76  gptm.o(.text)
    .text                                    0x00001140   Section        0  spi.o(.text)
    .text                                    0x00001378   Section        0  usart.o(.text)
    .text                                    0x0000176c   Section        0  exception.o(.text)
    .text                                    0x00001868   Section        0  main.o(.text)
    .text                                    0x00001944   Section        0  bsp_led.o(.text)
    .text                                    0x00001b3c   Section        0  bsp_usart.o(.text)
    NVIC_Configuration                       0x00001b3d   Thumb Code    22  bsp_usart.o(.text)
    .text                                    0x00001c6c   Section        0  bsp_timer.o(.text)
    TIMx_NVIC_Configuration                  0x00001c6d   Thumb Code    22  bsp_timer.o(.text)
    TIM1_NVIC_Configuration                  0x00001c83   Thumb Code    22  bsp_timer.o(.text)
    .text                                    0x00001d2c   Section        0  remote_handle.o(.text)
    .text                                    0x0000205c   Section        0  ir_decode.o(.text)
    .text                                    0x00002200   Section        0  bsp_spi.o(.text)
    .text                                    0x00002678   Section        0  bk2425_initialization_141015.o(.text)
    .text                                    0x00002978   Section        0  bk2425_txrx.o(.text)
    .text                                    0x00002a14   Section        0  test_func.o(.text)
    .text                                    0x00002d74   Section        0  uidiv.o(.text)
    .text                                    0x00002da0   Section        0  memseta.o(.text)
    .text                                    0x00002dc4   Section        0  uldiv.o(.text)
    .text                                    0x00002e24   Section       36  init.o(.text)
    .text                                    0x00002e48   Section        0  llshl.o(.text)
    .text                                    0x00002e68   Section        0  llushr.o(.text)
    i.__0printf$5                            0x00002e8c   Section        0  printf5.o(i.__0printf$5)
    i.__ARM_common_switch8                   0x00002eac   Section        0  ir_decode.o(i.__ARM_common_switch8)
    i.__scatterload_copy                     0x00002ec8   Section       14  handlers.o(i.__scatterload_copy)
    i.__scatterload_null                     0x00002ed6   Section        2  handlers.o(i.__scatterload_null)
    i.__scatterload_zeroinit                 0x00002ed8   Section       14  handlers.o(i.__scatterload_zeroinit)
    i._printf_core                           0x00002ee8   Section        0  printf5.o(i._printf_core)
    _printf_core                             0x00002ee9   Thumb Code   688  printf5.o(i._printf_core)
    .data                                    0x20000000   Section        4  system.o(.data)
    TimingDelay                              0x20000000   Data           4  system.o(.data)
    .data                                    0x20000004   Section       38  remote_handle.o(.data)
    write_ptr                                0x20000011   Data           5  remote_handle.o(.data)
    read_ptr                                 0x20000016   Data           5  remote_handle.o(.data)
    data_length                              0x2000001b   Data           5  remote_handle.o(.data)
    ir_val                                   0x20000020   Data           5  remote_handle.o(.data)
    ir_val_test                              0x20000025   Data           5  remote_handle.o(.data)
    .data                                    0x2000002c   Section      152  bk2425_initialization_141015.o(.data)
    .data                                    0x200000c4   Section        4  stdout.o(.data)
    .bss                                     0x200000c8   Section      650  remote_handle.o(.bss)
    ir_signal_send                           0x20000348   Data          10  remote_handle.o(.bss)
    .bss                                     0x20000352   Section       36  ir_decode.o(.bss)
    STACK                                    0x20000378   Section     2048  startup.o(STACK)

    Global Symbols

    Symbol Name                              Value     Ov Type        Size  Object(Section)

    BuildAttributes$$THM_ISAv3M$S$PE$A:L22$X:L11$S22$IEEE1$IW$USESV6$~STKCKD$USESV7$~SHL$OSPACE$ROPI$EBA8$MICROLIB$REQ8$PRES8$EABIv2 0x00000000   Number         0  anon$$obj.o ABSOLUTE
    __ARM_use_no_argv                        0x00000000   Number         0  main.o ABSOLUTE
    __Vectors                                0x00000000   Data           4  startup.o(RESET)
    _printf_a                                0x00000000   Number         0  stubs.o ABSOLUTE
    _printf_c                                0x00000000   Number         0  stubs.o ABSOLUTE
    _printf_charcount                        0x00000000   Number         0  stubs.o ABSOLUTE
    _printf_d                                0x00000000   Number         0  stubs.o ABSOLUTE
    _printf_e                                0x00000000   Number         0  stubs.o ABSOLUTE
    _printf_f                                0x00000000   Number         0  stubs.o ABSOLUTE
    _printf_flags                            0x00000000   Number         0  stubs.o ABSOLUTE
    _printf_fp_dec                           0x00000000   Number         0  stubs.o ABSOLUTE
    _printf_fp_hex                           0x00000000   Number         0  stubs.o ABSOLUTE
    _printf_g                                0x00000000   Number         0  stubs.o ABSOLUTE
    _printf_i                                0x00000000   Number         0  stubs.o ABSOLUTE
    _printf_int_dec                          0x00000000   Number         0  stubs.o ABSOLUTE
    _printf_l                                0x00000000   Number         0  stubs.o ABSOLUTE
    _printf_lc                               0x00000000   Number         0  stubs.o ABSOLUTE
    _printf_ll                               0x00000000   Number         0  stubs.o ABSOLUTE
    _printf_lld                              0x00000000   Number         0  stubs.o ABSOLUTE
    _printf_lli                              0x00000000   Number         0  stubs.o ABSOLUTE
    _printf_llo                              0x00000000   Number         0  stubs.o ABSOLUTE
    _printf_llu                              0x00000000   Number         0  stubs.o ABSOLUTE
    _printf_llx                              0x00000000   Number         0  stubs.o ABSOLUTE
    _printf_longlong_dec                     0x00000000   Number         0  stubs.o ABSOLUTE
    _printf_longlong_hex                     0x00000000   Number         0  stubs.o ABSOLUTE
    _printf_longlong_oct                     0x00000000   Number         0  stubs.o ABSOLUTE
    _printf_ls                               0x00000000   Number         0  stubs.o ABSOLUTE
    _printf_mbtowc                           0x00000000   Number         0  stubs.o ABSOLUTE
    _printf_n                                0x00000000   Number         0  stubs.o ABSOLUTE
    _printf_o                                0x00000000   Number         0  stubs.o ABSOLUTE
    _printf_p                                0x00000000   Number         0  stubs.o ABSOLUTE
    _printf_percent                          0x00000000   Number         0  stubs.o ABSOLUTE
    _printf_pre_padding                      0x00000000   Number         0  stubs.o ABSOLUTE
    _printf_return_value                     0x00000000   Number         0  stubs.o ABSOLUTE
    _printf_s                                0x00000000   Number         0  stubs.o ABSOLUTE
    _printf_sizespec                         0x00000000   Number         0  stubs.o ABSOLUTE
    _printf_str                              0x00000000   Number         0  stubs.o ABSOLUTE
    _printf_truncate_signed                  0x00000000   Number         0  stubs.o ABSOLUTE
    _printf_truncate_unsigned                0x00000000   Number         0  stubs.o ABSOLUTE
    _printf_u                                0x00000000   Number         0  stubs.o ABSOLUTE
    _printf_wc                               0x00000000   Number         0  stubs.o ABSOLUTE
    _printf_wctomb                           0x00000000   Number         0  stubs.o ABSOLUTE
    _printf_widthprec                        0x00000000   Number         0  stubs.o ABSOLUTE
    _printf_x                                0x00000000   Number         0  stubs.o ABSOLUTE
    __cpp_initialize__aeabi_                  - Undefined Weak Reference
    __cxa_finalize                            - Undefined Weak Reference
    __decompress                              - Undefined Weak Reference
    _clock_init                               - Undefined Weak Reference
    _microlib_exit                            - Undefined Weak Reference
    Reset_Handler                            0x000000c1   Thumb Code    14  startup.o(RESET)
    __main                                   0x000000e5   Thumb Code     0  entry.o(.ARM.Collect$$$$00000000)
    _main_stk                                0x000000e5   Thumb Code     0  entry2.o(.ARM.Collect$$$$00000001)
    _main_scatterload                        0x000000e9   Thumb Code     0  entry5.o(.ARM.Collect$$$$00000004)
    __main_after_scatterload                 0x000000ed   Thumb Code     0  entry5.o(.ARM.Collect$$$$00000004)
    _main_clock                              0x000000ed   Thumb Code     0  entry7b.o(.ARM.Collect$$$$00000008)
    _main_cpp_init                           0x000000ed   Thumb Code     0  entry8b.o(.ARM.Collect$$$$0000000A)
    _main_init                               0x000000ed   Thumb Code     0  entry9a.o(.ARM.Collect$$$$0000000B)
    __rt_final_cpp                           0x000000f5   Thumb Code     0  entry10a.o(.ARM.Collect$$$$0000000D)
    __rt_final_exit                          0x000000f5   Thumb Code     0  entry11a.o(.ARM.Collect$$$$0000000F)
    SystemInit                               0x000000f9   Thumb Code    54  system.o(.text)
    Delay_us                                 0x0000012f   Thumb Code    20  system.o(.text)
    Delay_ms                                 0x00000143   Thumb Code    32  system.o(.text)
    SystemCoreClockUpdate                    0x00000163   Thumb Code    20  system.o(.text)
    NVIC_Init                                0x000001f9   Thumb Code   106  am8813_misc.o(.text)
    NVIC_SystemLPConfig                      0x00000263   Thumb Code    28  am8813_misc.o(.text)
    SysTick_CLKSourceConfig                  0x0000027f   Thumb Code    32  am8813_misc.o(.text)
    SysTick_CounterCmd                       0x0000029f   Thumb Code    44  am8813_misc.o(.text)
    SysTick_IntConfig                        0x000002cb   Thumb Code    32  am8813_misc.o(.text)
    SysTick_SetReloadValue                   0x000002eb   Thumb Code     6  am8813_misc.o(.text)
    CKCU_APBPerip0ClockConfig                0x000002fd   Thumb Code    28  ckcu.o(.text)
    CKCU_APBPerip1ClockConfig                0x00000319   Thumb Code    28  ckcu.o(.text)
    CKCU_AHBPeripClockConfig                 0x00000335   Thumb Code    28  ckcu.o(.text)
    CKCU_AdcClockDivConfig                   0x00000351   Thumb Code     6  ckcu.o(.text)
    CKCU_LcdClockDivConfig                   0x00000357   Thumb Code     8  ckcu.o(.text)
    CKCU_LCDSrcSel                           0x0000035f   Thumb Code    28  ckcu.o(.text)
    CKCU_GetUSARTClockFreq                   0x0000037b   Thumb Code    24  ckcu.o(.text)
    Set_sys_Frequency                        0x00000393   Thumb Code    92  ckcu.o(.text)
    Set_sys_Frequency_LSE                    0x000003ef   Thumb Code   206  ckcu.o(.text)
    Convert_HSI_to_HSE                       0x000004bd   Thumb Code   100  ckcu.o(.text)
    NMI_Handler_IRQ                          0x00000521   Thumb Code    24  ckcu.o(.text)
    CKRDY_IRQHandler_IRQ                     0x00000539   Thumb Code   168  ckcu.o(.text)
    RSTCU_APBPerip0Reset                     0x000005fd   Thumb Code    28  rstcu.o(.text)
    RSTCU_APBPerip1Reset                     0x00000619   Thumb Code    28  rstcu.o(.text)
    RSTCU_AHBPeripReset                      0x00000635   Thumb Code    28  rstcu.o(.text)
    GPIO_DeInit                              0x00000655   Thumb Code    78  gpio.o(.text)
    GPIO_DirectionConfig                     0x000006a3   Thumb Code    20  gpio.o(.text)
    GPIO_PullResistorConfig                  0x000006b7   Thumb Code    50  gpio.o(.text)
    GPIO_InputConfig                         0x000006e9   Thumb Code    20  gpio.o(.text)
    GPIO_DriveConfig                         0x000006fd   Thumb Code    20  gpio.o(.text)
    GPIO_OpenDrainConfig                     0x00000711   Thumb Code    20  gpio.o(.text)
    GPIO_ReadInBit                           0x00000725   Thumb Code    18  gpio.o(.text)
    GPIO_ReadInData                          0x00000737   Thumb Code     8  gpio.o(.text)
    GPIO_ReadOutBit                          0x0000073f   Thumb Code    18  gpio.o(.text)
    GPIO_ReadOutData                         0x00000751   Thumb Code     8  gpio.o(.text)
    GPIO_SetOutBits                          0x00000759   Thumb Code     4  gpio.o(.text)
    GPIO_ClearOutBits                        0x0000075d   Thumb Code     4  gpio.o(.text)
    GPIO_WriteOutBits                        0x00000761   Thumb Code    12  gpio.o(.text)
    GPIO_WriteOutData                        0x0000076d   Thumb Code     4  gpio.o(.text)
    AFIO_EXTISourceConfig                    0x00000771   Thumb Code    54  gpio.o(.text)
    GPIO_PinLock                             0x000007a7   Thumb Code     8  gpio.o(.text)
    GPIO_IsPortLocked                        0x000007af   Thumb Code    16  gpio.o(.text)
    GPIO_IsPinLocked                         0x000007bf   Thumb Code    16  gpio.o(.text)
    AFIO_DeInit                              0x000007cf   Thumb Code    12  gpio.o(.text)
    AFIO_GPAConfig                           0x000007db   Thumb Code   140  gpio.o(.text)
    AFIO_GPBConfig                           0x00000867   Thumb Code   140  gpio.o(.text)
    AFIO_GPCConfig                           0x000008f3   Thumb Code   140  gpio.o(.text)
    AFIO_GPDConfig                           0x0000097f   Thumb Code   140  gpio.o(.text)
    AFIO_GPEConfig                           0x00000a0b   Thumb Code   170  gpio.o(.text)
    exti_clear_edge_flag                     0x00000ab5   Thumb Code    34  gpio.o(.text)
    GPTM_DeInit                              0x00000ae1   Thumb Code    68  gptm.o(.text)
    GPTM_TimeBaseInit                        0x00000b25   Thumb Code    46  gptm.o(.text)
    GPTM_OutputInit                          0x00000b53   Thumb Code   104  gptm.o(.text)
    GPTM_CHPSCConfig                         0x00000bbb   Thumb Code    30  gptm.o(.text)
    GPTM_CaptureInit                         0x00000c25   Thumb Code    34  gptm.o(.text)
    GPTM_PwmInputInit                        0x00000c47   Thumb Code   156  gptm.o(.text)
    GPTM_TimeBaseStructInit                  0x00000ce3   Thumb Code    20  gptm.o(.text)
    GPTM_OutputStructInit                    0x00000cf7   Thumb Code    16  gptm.o(.text)
    GPTM_CaptureStructInit                   0x00000d07   Thumb Code    20  gptm.o(.text)
    GPTM_Cmd                                 0x00000d1b   Thumb Code    24  gptm.o(.text)
    GPTM_StiConfig                           0x00000d33   Thumb Code    30  gptm.o(.text)
    GPTM_ItiExternalClockConfig              0x00000d51   Thumb Code    26  gptm.o(.text)
    GPTM_ChExternalClockConfig               0x00000d6b   Thumb Code    66  gptm.o(.text)
    GPTM_EtiConfig                           0x00000dad   Thumb Code    24  gptm.o(.text)
    GPTM_EtiExternalClockConfig              0x00000dc5   Thumb Code    34  gptm.o(.text)
    GPTM_PrescalerConfig                     0x00000de7   Thumb Code     8  gptm.o(.text)
    GPTM_CounterModeConfig                   0x00000def   Thumb Code    28  gptm.o(.text)
    GPTM_DecoderConfig                       0x00000e0b   Thumb Code    78  gptm.o(.text)
    GPTM_ForcedOREF0                         0x00000e59   Thumb Code    14  gptm.o(.text)
    GPTM_ForcedOREF1                         0x00000e67   Thumb Code    14  gptm.o(.text)
    GPTM_ForcedOREF2                         0x00000e75   Thumb Code    14  gptm.o(.text)
    GPTM_ForcedOREF3                         0x00000e83   Thumb Code    14  gptm.o(.text)
    GPTM_CRRPreloadCmd                       0x00000e91   Thumb Code    24  gptm.o(.text)
    GPTM_CHCCRPreloadConfig                  0x00000ea9   Thumb Code    66  gptm.o(.text)
    GPTM_ClearOREFConfig                     0x00000eeb   Thumb Code    36  gptm.o(.text)
    GPTM_ChPolarityConfig                    0x00000f0f   Thumb Code    26  gptm.o(.text)
    GPTM_ImmActiveConfig                     0x00000f29   Thumb Code    36  gptm.o(.text)
    GPTM_ChannelConfig                       0x00000f4d   Thumb Code    28  gptm.o(.text)
    GPTM_OutputModeConfig                    0x00000f69   Thumb Code    36  gptm.o(.text)
    GPTM_UpdateCmd                           0x00000f8d   Thumb Code    24  gptm.o(.text)
    GPTM_UEVG_IntConfig                      0x00000fa5   Thumb Code    24  gptm.o(.text)
    GPTM_HallInterfaceCmd                    0x00000fbd   Thumb Code    26  gptm.o(.text)
    GPTM_SinglePulseModeCmd                  0x00000fd7   Thumb Code    28  gptm.o(.text)
    GPTM_MMSELConfig                         0x00000ff3   Thumb Code    14  gptm.o(.text)
    GPTM_SlaveModeConfig                     0x00001001   Thumb Code    14  gptm.o(.text)
    GPTM_TimSyncCmd                          0x0000100f   Thumb Code    24  gptm.o(.text)
    GPTM_SetCounter                          0x00001027   Thumb Code     6  gptm.o(.text)
    GPTM_SetCounterReload                    0x0000102d   Thumb Code     6  gptm.o(.text)
    GPTM_SetCaptureCompare0                  0x00001033   Thumb Code     6  gptm.o(.text)
    GPTM_SetCaptureCompare1                  0x00001039   Thumb Code     6  gptm.o(.text)
    GPTM_SetCaptureCompare2                  0x0000103f   Thumb Code     6  gptm.o(.text)
    GPTM_SetCaptureCompare3                  0x00001045   Thumb Code     6  gptm.o(.text)
    GPTM_SetAsymmetricCompare0               0x0000104b   Thumb Code     6  gptm.o(.text)
    GPTM_SetAsymmetricCompare1               0x00001051   Thumb Code     6  gptm.o(.text)
    GPTM_SetAsymmetricCompare2               0x00001057   Thumb Code     6  gptm.o(.text)
    GPTM_SetAsymmetricCompare3               0x0000105d   Thumb Code     6  gptm.o(.text)
    GPTM_CKDIVConfig                         0x00001063   Thumb Code    18  gptm.o(.text)
    GPTM_GetCaptureCompare0                  0x00001075   Thumb Code     8  gptm.o(.text)
    GPTM_GetCaptureCompare1                  0x0000107d   Thumb Code     8  gptm.o(.text)
    GPTM_GetCaptureCompare2                  0x00001085   Thumb Code     8  gptm.o(.text)
    GPTM_GetCaptureCompare3                  0x0000108d   Thumb Code     8  gptm.o(.text)
    GPTM_GetCounter                          0x00001095   Thumb Code     8  gptm.o(.text)
    GPTM_GetPrescaler                        0x0000109d   Thumb Code     8  gptm.o(.text)
    GPTM_GenerateEvent                       0x000010a5   Thumb Code     4  gptm.o(.text)
    GPTM_GetFlagStatus                       0x000010a9   Thumb Code    18  gptm.o(.text)
    GPTM_ClearFlag                           0x000010bb   Thumb Code    10  gptm.o(.text)
    GPTM_IntConfig                           0x000010c5   Thumb Code    20  gptm.o(.text)
    GPTM_GetIntStatus                        0x000010d9   Thumb Code    32  gptm.o(.text)
    GPTM_ClearIntPendingBit                  0x000010f9   Thumb Code    10  gptm.o(.text)
    GPTM_InternalClockConfig                 0x00001103   Thumb Code    12  gptm.o(.text)
    GPTM_CHCCDSConfig                        0x0000110f   Thumb Code    28  gptm.o(.text)
    GPTM_PDMAConfig                          0x0000112b   Thumb Code    20  gptm.o(.text)
    SPI_DeInit                               0x00001141   Thumb Code    30  spi.o(.text)
    SPI_Init                                 0x0000115f   Thumb Code   116  spi.o(.text)
    SPI_StructInit                           0x000011d3   Thumb Code    28  spi.o(.text)
    SPI_Cmd                                  0x000011ef   Thumb Code    24  spi.o(.text)
    SPI_SELOutputCmd                         0x00001207   Thumb Code    24  spi.o(.text)
    SPI_FIFOCmd                              0x0000121f   Thumb Code    28  spi.o(.text)
    SPI_SetDataLength                        0x0000123b   Thumb Code    16  spi.o(.text)
    SPI_SELModeConfig                        0x0000124b   Thumb Code    28  spi.o(.text)
    SPI_SoftwareSELCmd                       0x00001267   Thumb Code    28  spi.o(.text)
    SPI_SendData                             0x00001283   Thumb Code     4  spi.o(.text)
    SPI_ReceiveData                          0x00001287   Thumb Code     8  spi.o(.text)
    SPI_SetTimeOutValue                      0x0000128f   Thumb Code     4  spi.o(.text)
    SPI_IntConfig                            0x00001293   Thumb Code    20  spi.o(.text)
    SPI_GetFlagStatus                        0x000012a7   Thumb Code    26  spi.o(.text)
    SPI_GetFIFOStatus                        0x000012c1   Thumb Code    34  spi.o(.text)
    SPI_ClearFlag                            0x000012e3   Thumb Code     4  spi.o(.text)
    SPI_FIFOTriggerLevelConfig               0x000012e7   Thumb Code    38  spi.o(.text)
    SPI_PDMACmd                              0x0000130d   Thumb Code    20  spi.o(.text)
    SPI_DUALCmd                              0x00001321   Thumb Code    24  spi.o(.text)
    SPI_GUADTCmd                             0x00001339   Thumb Code    24  spi.o(.text)
    SPI_GUADTSPI_GUADTConfig                 0x00001351   Thumb Code    14  spi.o(.text)
    SPI_SELHTConfig                          0x0000135f   Thumb Code    14  spi.o(.text)
    USART_DeInit                             0x00001379   Thumb Code   102  usart.o(.text)
    USART_Init                               0x000013df   Thumb Code    54  usart.o(.text)
    USART_StructInit                         0x00001415   Thumb Code    20  usart.o(.text)
    USART_SynClockInit                       0x00001429   Thumb Code    26  usart.o(.text)
    USART_SynClockStructInit                 0x00001443   Thumb Code    12  usart.o(.text)
    USART_SendData                           0x0000144f   Thumb Code     4  usart.o(.text)
    USART_ReceiveData                        0x00001453   Thumb Code     8  usart.o(.text)
    USART_SetGuardTime                       0x0000145b   Thumb Code    16  usart.o(.text)
    USART_GetLineStatus                      0x0000146b   Thumb Code    18  usart.o(.text)
    USART_GetFIFOStatus                      0x0000147d   Thumb Code    26  usart.o(.text)
    USART_GetModemStatus                     0x00001497   Thumb Code     8  usart.o(.text)
    USART_ForceModemPinState                 0x0000149f   Thumb Code    30  usart.o(.text)
    USART_IrDACmd                            0x000014bd   Thumb Code    24  usart.o(.text)
    USART_IrDAConfig                         0x000014d5   Thumb Code    26  usart.o(.text)
    USART_SetIrDAPrescaler                   0x000014ef   Thumb Code    16  usart.o(.text)
    USART_IrDADirectionConfig                0x000014ff   Thumb Code    26  usart.o(.text)
    USART_RS485TxEnablePolarityConfig        0x00001519   Thumb Code    26  usart.o(.text)
    USART_ForceBreakCmd                      0x00001533   Thumb Code    24  usart.o(.text)
    USART_IntConfig                          0x0000154b   Thumb Code    20  usart.o(.text)
    USART_GetIntID                           0x0000155f   Thumb Code     8  usart.o(.text)
    USART_RFITLConfig                        0x00001567   Thumb Code    12  usart.o(.text)
    USART_TFITLConfig                        0x00001573   Thumb Code    12  usart.o(.text)
    USART_TimeOutIntConfig                   0x0000157f   Thumb Code    24  usart.o(.text)
    USART_SetTimeOutValue                    0x00001597   Thumb Code    14  usart.o(.text)
    USART_FIFOReset                          0x000015a5   Thumb Code     8  usart.o(.text)
    USART_StickParityCmd                     0x000015ad   Thumb Code    24  usart.o(.text)
    USART_StickParityConfig                  0x000015c5   Thumb Code    28  usart.o(.text)
    USART_TxCmd                              0x000015e1   Thumb Code    28  usart.o(.text)
    USART_RxCmd                              0x000015fd   Thumb Code    28  usart.o(.text)
    USART_IrDAInvtOutputCmd                  0x00001619   Thumb Code    24  usart.o(.text)
    USART_IrDAInvtInputCmd                   0x00001631   Thumb Code    24  usart.o(.text)
    USART_HardwareFlowControlCmd             0x00001649   Thumb Code    24  usart.o(.text)
    USART_TxPDMACmd                          0x00001661   Thumb Code    24  usart.o(.text)
    USART_RxPDMACmd                          0x00001679   Thumb Code    24  usart.o(.text)
    USART_RS485NMMCmd                        0x00001691   Thumb Code    24  usart.o(.text)
    USART_RS485AADCmd                        0x000016a9   Thumb Code    24  usart.o(.text)
    USART_SetAddressMatchValue               0x000016c1   Thumb Code    16  usart.o(.text)
    USART_LINCmd                             0x000016d1   Thumb Code    20  usart.o(.text)
    USART_LINModeSet                         0x000016e5   Thumb Code    20  usart.o(.text)
    USART_LINBreakDetectLenSet               0x000016f9   Thumb Code    20  usart.o(.text)
    USART_LINSendBreak                       0x0000170d   Thumb Code    18  usart.o(.text)
    USART_LINIntConfig                       0x0000171f   Thumb Code    36  usart.o(.text)
    USART_LINIntStatusClear                  0x00001743   Thumb Code     8  usart.o(.text)
    USART_LINIntStatusGet                    0x0000174b   Thumb Code    14  usart.o(.text)
    NMI_Handler                              0x0000176d   Thumb Code     8  exception.o(.text)
    HardFault_Handler                        0x00001775   Thumb Code     4  exception.o(.text)
    SVC_Handler                              0x00001779   Thumb Code     4  exception.o(.text)
    DebugMon_Handler                         0x0000177d   Thumb Code     4  exception.o(.text)
    PendSV_Handler                           0x00001781   Thumb Code     4  exception.o(.text)
    SysTick_Handler                          0x00001785   Thumb Code     8  exception.o(.text)
    CKRDY_IRQHandler                         0x0000178d   Thumb Code     8  exception.o(.text)
    LVD_IRQHandler                           0x00001795   Thumb Code     4  exception.o(.text)
    WDT_IRQHandler                           0x00001799   Thumb Code     4  exception.o(.text)
    RTC_IRQHandler                           0x0000179d   Thumb Code     4  exception.o(.text)
    FLASH_IRQHandler                         0x000017a1   Thumb Code     4  exception.o(.text)
    EVWUP_IRQHandler                         0x000017a5   Thumb Code     4  exception.o(.text)
    LPWUP_POR_IRQHandler                     0x000017a9   Thumb Code     4  exception.o(.text)
    EXTI0_1_2_3_IRQHandler                   0x000017ad   Thumb Code     4  exception.o(.text)
    EXTI4_5_6_7_IRQHandler                   0x000017b1   Thumb Code     4  exception.o(.text)
    EXTI8_9_10_11_IRQHandler                 0x000017b5   Thumb Code     4  exception.o(.text)
    EXTI12_13_14_15_IRQHandler               0x000017b9   Thumb Code     4  exception.o(.text)
    ADC_IRQHandler                           0x000017bd   Thumb Code     4  exception.o(.text)
    GPTM0_IRQHandler                         0x000017c1   Thumb Code    28  exception.o(.text)
    GPTM1_IRQHandler                         0x000017dd   Thumb Code    28  exception.o(.text)
    GPTM2_IRQHandler                         0x000017f9   Thumb Code     4  exception.o(.text)
    GPTM3_IRQHandler                         0x000017fd   Thumb Code     4  exception.o(.text)
    I2C0_IRQHandler                          0x00001801   Thumb Code     4  exception.o(.text)
    SPI0_SPI1_IRQHandler                     0x00001805   Thumb Code     4  exception.o(.text)
    UART0_IRQHandler                         0x00001809   Thumb Code     4  exception.o(.text)
    UART1_IRQHandler                         0x0000180d   Thumb Code     4  exception.o(.text)
    UART2_IRQHandler                         0x00001811   Thumb Code     4  exception.o(.text)
    UART3_IRQHandler                         0x00001815   Thumb Code     4  exception.o(.text)
    UART4_IRQHandler                         0x00001819   Thumb Code    32  exception.o(.text)
    UART5_IRQHandler                         0x00001839   Thumb Code     4  exception.o(.text)
    PDMA_CH0_IRQHandler                      0x0000183d   Thumb Code     4  exception.o(.text)
    PDMA_CH1_IRQHandler                      0x00001841   Thumb Code     4  exception.o(.text)
    PDMA_CH2_IRQHandler                      0x00001845   Thumb Code     4  exception.o(.text)
    PDMA_CH3_IRQHandler                      0x00001849   Thumb Code     4  exception.o(.text)
    PDMA_CH4_CH5IRQHandler                   0x0000184d   Thumb Code     4  exception.o(.text)
    PDMA_CH6_CH7_IRQHandler                  0x00001851   Thumb Code     4  exception.o(.text)
    COMP_IRQHandler                          0x00001855   Thumb Code     4  exception.o(.text)
    CAN_IRQHandler                           0x00001859   Thumb Code     4  exception.o(.text)
    init_sys                                 0x00001869   Thumb Code   114  main.o(.text)
    main                                     0x000018db   Thumb Code    82  main.o(.text)
    LED_GPIO_Config                          0x00001945   Thumb Code   156  bsp_led.o(.text)
    IR_GPIO_Config                           0x000019e1   Thumb Code   220  bsp_led.o(.text)
    LED_Toggle                               0x00001abd   Thumb Code   114  bsp_led.o(.text)
    USARTx_Config                            0x00001b53   Thumb Code    84  bsp_usart.o(.text)
    Usart_SendByte                           0x00001ba7   Thumb Code    30  bsp_usart.o(.text)
    Usart_SendHalfWord                       0x00001bc5   Thumb Code    62  bsp_usart.o(.text)
    Usart_SendString                         0x00001c03   Thumb Code    42  bsp_usart.o(.text)
    fputc                                    0x00001c2d   Thumb Code    32  bsp_usart.o(.text)
    fgetc                                    0x00001c4d   Thumb Code    26  bsp_usart.o(.text)
    TIM_Mode_Config                          0x00001c99   Thumb Code   132  bsp_timer.o(.text)
    ir_rec                                   0x00001d2d   Thumb Code    80  remote_handle.o(.text)
    ir_gpio_init                             0x00001d7d   Thumb Code    34  remote_handle.o(.text)
    ir_rx_init                               0x00001d9f   Thumb Code    82  remote_handle.o(.text)
    ir_rx_q_put                              0x00001df1   Thumb Code    46  remote_handle.o(.text)
    ir_rx_q_get                              0x00001e1f   Thumb Code    48  remote_handle.o(.text)
    ir_rx_q_empty                            0x00001e4f   Thumb Code    18  remote_handle.o(.text)
    ir_rx_q_full                             0x00001e61   Thumb Code    18  remote_handle.o(.text)
    ir_rx_capture_4khz                       0x00001e73   Thumb Code    90  remote_handle.o(.text)
    ir_rx_decode                             0x00001ecd   Thumb Code   182  remote_handle.o(.text)
    IR_signal_tans_code                      0x00001f83   Thumb Code    20  remote_handle.o(.text)
    remote_ir_get                            0x00001f97   Thumb Code    14  remote_handle.o(.text)
    get_ir_local                             0x00001fa5   Thumb Code    36  remote_handle.o(.text)
    get_ir_test                              0x00001fc9   Thumb Code    14  remote_handle.o(.text)
    ir_rx_code_get                           0x00001fd7   Thumb Code    20  remote_handle.o(.text)
    remote_resync_init                       0x0000205d   Thumb Code     8  ir_decode.o(.text)
    remote_byte_start_wait_init              0x00002065   Thumb Code     6  ir_decode.o(.text)
    remote_start_bit_init                    0x0000206b   Thumb Code    10  ir_decode.o(.text)
    remote_data_bit_init                     0x00002075   Thumb Code    10  ir_decode.o(.text)
    remote_stop_bit_wait_init                0x0000207f   Thumb Code     6  ir_decode.o(.text)
    remote_stop_bit_init                     0x00002085   Thumb Code    10  ir_decode.o(.text)
    remote_start_bit_wait_init               0x0000208f   Thumb Code     6  ir_decode.o(.text)
    remote_byte_stop_wait_init               0x00002095   Thumb Code    10  ir_decode.o(.text)
    remote_decode_init                       0x0000209f   Thumb Code    30  ir_decode.o(.text)
    remote_decode_ir                         0x000020bd   Thumb Code   314  ir_decode.o(.text)
    SPI0_Init                                0x00002201   Thumb Code   146  bsp_spi.o(.text)
    SPI_RW_Byte                              0x00002293   Thumb Code    50  bsp_spi.o(.text)
    SPI_FLASH_ReadByte                       0x000022c5   Thumb Code    10  bsp_spi.o(.text)
    SPI_FLASH_WriteEnable                    0x000022cf   Thumb Code    26  bsp_spi.o(.text)
    SPI_FLASH_WaitForWriteEnd                0x000022e9   Thumb Code    46  bsp_spi.o(.text)
    SPI_Flash_PowerDown                      0x00002317   Thumb Code    26  bsp_spi.o(.text)
    SPI_Flash_WAKEUP                         0x00002331   Thumb Code    26  bsp_spi.o(.text)
    SPI_FLASH_SectorErase                    0x0000234b   Thumb Code    70  bsp_spi.o(.text)
    SPI_FLASH_BulkErase                      0x00002391   Thumb Code    34  bsp_spi.o(.text)
    SPI_FLASH_PageWrite                      0x000023b3   Thumb Code   106  bsp_spi.o(.text)
    SPI_FLASH_BufferWrite                    0x0000241d   Thumb Code   296  bsp_spi.o(.text)
    SPI_FLASH_BufferRead                     0x00002545   Thumb Code    84  bsp_spi.o(.text)
    SPI_FLASH_ReadID                         0x00002599   Thumb Code    70  bsp_spi.o(.text)
    SPI_FLASH_ReadDeviceID                   0x000025df   Thumb Code    98  bsp_spi.o(.text)
    SPI_FLASH_StartReadSequence              0x00002641   Thumb Code    50  bsp_spi.o(.text)
    SPI_RW                                   0x00002679   Thumb Code    16  bk2425_initialization_141015.o(.text)
    SPI_Write_Reg                            0x00002689   Thumb Code    40  bk2425_initialization_141015.o(.text)
    SPI_Read_Reg                             0x000026b1   Thumb Code    42  bk2425_initialization_141015.o(.text)
    SPI_Read_Buf                             0x000026db   Thumb Code    52  bk2425_initialization_141015.o(.text)
    SPI_Write_Buf                            0x0000270f   Thumb Code    56  bk2425_initialization_141015.o(.text)
    SwitchToRxMode                           0x00002747   Thumb Code    60  bk2425_initialization_141015.o(.text)
    SwitchToTxMode                           0x00002783   Thumb Code    44  bk2425_initialization_141015.o(.text)
    SwitchCFG                                0x000027af   Thumb Code    46  bk2425_initialization_141015.o(.text)
    SetChannelNum                            0x000027dd   Thumb Code    14  bk2425_initialization_141015.o(.text)
    DelayMs                                  0x000027eb   Thumb Code    12  bk2425_initialization_141015.o(.text)
    BK2425_Initialize                        0x000027f7   Thumb Code   354  bk2425_initialization_141015.o(.text)
    Send_Packet                              0x00002979   Thumb Code    36  bk2425_txrx.o(.text)
    Receive_Packet                           0x0000299d   Thumb Code   102  bk2425_txrx.o(.text)
    SPI_Bank1_Write_Reg                      0x00002a15   Thumb Code    30  test_func.o(.text)
    SPI_Bank1_Read_Reg                       0x00002a33   Thumb Code    30  test_func.o(.text)
    Carrier_Test                             0x00002a51   Thumb Code   160  test_func.o(.text)
    BER_Test                                 0x00002af1   Thumb Code   296  test_func.o(.text)
    Set_LowPower_Mode                        0x00002c19   Thumb Code    46  test_func.o(.text)
    Set_Sen_Mode                             0x00002c47   Thumb Code    68  test_func.o(.text)
    Close_CD_Detect                          0x00002c8b   Thumb Code    46  test_func.o(.text)
    PN9_TX                                   0x00002cb9   Thumb Code   164  test_func.o(.text)
    Get_Chip_ID                              0x00002d5d   Thumb Code    16  test_func.o(.text)
    __aeabi_uidiv                            0x00002d75   Thumb Code     0  uidiv.o(.text)
    __aeabi_uidivmod                         0x00002d75   Thumb Code    44  uidiv.o(.text)
    __aeabi_memset                           0x00002da1   Thumb Code    14  memseta.o(.text)
    __aeabi_memset4                          0x00002da1   Thumb Code     0  memseta.o(.text)
    __aeabi_memset8                          0x00002da1   Thumb Code     0  memseta.o(.text)
    __aeabi_memclr                           0x00002daf   Thumb Code     4  memseta.o(.text)
    __aeabi_memclr4                          0x00002daf   Thumb Code     0  memseta.o(.text)
    __aeabi_memclr8                          0x00002daf   Thumb Code     0  memseta.o(.text)
    _memset$wrapper                          0x00002db3   Thumb Code    18  memseta.o(.text)
    __aeabi_uldivmod                         0x00002dc5   Thumb Code    96  uldiv.o(.text)
    __scatterload                            0x00002e25   Thumb Code    28  init.o(.text)
    __scatterload_rt2                        0x00002e25   Thumb Code     0  init.o(.text)
    __aeabi_llsl                             0x00002e49   Thumb Code    32  llshl.o(.text)
    _ll_shift_l                              0x00002e49   Thumb Code     0  llshl.o(.text)
    __aeabi_llsr                             0x00002e69   Thumb Code    34  llushr.o(.text)
    _ll_ushift_r                             0x00002e69   Thumb Code     0  llushr.o(.text)
    __0printf$5                              0x00002e8d   Thumb Code    24  printf5.o(i.__0printf$5)
    __1printf$5                              0x00002e8d   Thumb Code     0  printf5.o(i.__0printf$5)
    __2printf                                0x00002e8d   Thumb Code     0  printf5.o(i.__0printf$5)
    __ARM_common_switch8                     0x00002ead   Thumb Code    28  ir_decode.o(i.__ARM_common_switch8)
    __scatterload_copy                       0x00002ec9   Thumb Code    14  handlers.o(i.__scatterload_copy)
    __scatterload_null                       0x00002ed7   Thumb Code     2  handlers.o(i.__scatterload_null)
    __scatterload_zeroinit                   0x00002ed9   Thumb Code    14  handlers.o(i.__scatterload_zeroinit)
    Region$$Table$$Base                      0x000031c4   Number         0  anon$$obj.o(Region$$Table)
    Region$$Table$$Limit                     0x000031e4   Number         0  anon$$obj.o(Region$$Table)
    working_byte                             0x20000004   Data           5  remote_handle.o(.data)
    capture_counter                          0x20000009   Data           5  remote_handle.o(.data)
    current_ir_code                          0x2000000e   Data           2  remote_handle.o(.data)
    remote_timer                             0x20000010   Data           1  remote_handle.o(.data)
    op_status                                0x2000002c   Data           1  bk2425_initialization_141015.o(.data)
    RF_TABLE                                 0x20000030   Data          64  bk2425_initialization_141015.o(.data)
    Bank1_Reg0_13                            0x20000070   Data          16  bk2425_initialization_141015.o(.data)
    Bank1_Reg14                              0x20000080   Data          11  bk2425_initialization_141015.o(.data)
    Bank0_Reg                                0x2000008b   Data          46  bk2425_initialization_141015.o(.data)
    RX0_Address                              0x200000b9   Data           5  bk2425_initialization_141015.o(.data)
    RX1_Address                              0x200000be   Data           5  bk2425_initialization_141015.o(.data)
    reg_temp                                 0x200000c3   Data           1  bk2425_initialization_141015.o(.data)
    __stdout                                 0x200000c4   Data           4  stdout.o(.data)
    port_state                               0x200000c8   Data         640  remote_handle.o(.bss)
    remote_decode                            0x20000352   Data          36  ir_decode.o(.bss)
    __initial_sp                             0x20000b78   Data           0  startup.o(STACK)



==============================================================================

Memory Map of the image

  Image Entry point : 0x000000e5

  Load Region LR_IROM1 (Base: 0x00000000, Size: 0x000032ac, Max: 0x00008000, ABSOLUTE)

    Execution Region ER_IROM1 (Base: 0x00000000, Size: 0x000031e4, Max: 0x00008000, ABSOLUTE)

    Base Addr    Size         Type   Attr      Idx    E Section Name        Object

    0x00000000   0x000000e4   Code   RO           42    RESET               startup.o
    0x000000e4   0x00000000   Code   RO          722  * .ARM.Collect$$$$00000000  mc_p.l(entry.o)
    0x000000e4   0x00000004   Code   RO          990    .ARM.Collect$$$$00000001  mc_p.l(entry2.o)
    0x000000e8   0x00000004   Code   RO          993    .ARM.Collect$$$$00000004  mc_p.l(entry5.o)
    0x000000ec   0x00000000   Code   RO          995    .ARM.Collect$$$$00000008  mc_p.l(entry7b.o)
    0x000000ec   0x00000000   Code   RO          997    .ARM.Collect$$$$0000000A  mc_p.l(entry8b.o)
    0x000000ec   0x00000008   Code   RO          998    .ARM.Collect$$$$0000000B  mc_p.l(entry9a.o)
    0x000000f4   0x00000000   Code   RO         1000    .ARM.Collect$$$$0000000D  mc_p.l(entry10a.o)
    0x000000f4   0x00000000   Code   RO         1002    .ARM.Collect$$$$0000000F  mc_p.l(entry11a.o)
    0x000000f4   0x00000004   Code   RO          991    .ARM.Collect$$$$00002712  mc_p.l(entry2.o)
    0x000000f8   0x00000100   Code   RO            2    .text               system.o
    0x000001f8   0x00000104   Code   RO           47    .text               am8813_misc.o
    0x000002fc   0x00000300   Code   RO           69    .text               ckcu.o
    0x000005fc   0x00000058   Code   RO           91    .text               rstcu.o
    0x00000654   0x0000048c   Code   RO          129    .text               gpio.o
    0x00000ae0   0x0000065e   Code   RO          148    .text               gptm.o
    0x0000113e   0x00000002   PAD
    0x00001140   0x00000238   Code   RO          195    .text               spi.o
    0x00001378   0x000003f4   Code   RO          214    .text               usart.o
    0x0000176c   0x000000fc   Code   RO          442    .text               exception.o
    0x00001868   0x000000dc   Code   RO          467    .text               main.o
    0x00001944   0x000001f8   Code   RO          509    .text               bsp_led.o
    0x00001b3c   0x00000130   Code   RO          528    .text               bsp_usart.o
    0x00001c6c   0x000000c0   Code   RO          550    .text               bsp_timer.o
    0x00001d2c   0x00000330   Code   RO          569    .text               remote_handle.o
    0x0000205c   0x000001a4   Code   RO          618    .text               ir_decode.o
    0x00002200   0x00000478   Code   RO          639    .text               bsp_spi.o
    0x00002678   0x00000300   Code   RO          658    .text               bk2425_initialization_141015.o
    0x00002978   0x0000009c   Code   RO          690    .text               bk2425_txrx.o
    0x00002a14   0x00000360   Code   RO          706    .text               test_func.o
    0x00002d74   0x0000002c   Code   RO          725    .text               mc_p.l(uidiv.o)
    0x00002da0   0x00000024   Code   RO          727    .text               mc_p.l(memseta.o)
    0x00002dc4   0x00000060   Code   RO         1005    .text               mc_p.l(uldiv.o)
    0x00002e24   0x00000024   Code   RO         1018    .text               mc_p.l(init.o)
    0x00002e48   0x00000020   Code   RO         1020    .text               mc_p.l(llshl.o)
    0x00002e68   0x00000022   Code   RO         1022    .text               mc_p.l(llushr.o)
    0x00002e8a   0x00000002   PAD
    0x00002e8c   0x00000020   Code   RO          862    i.__0printf$5       mc_p.l(printf5.o)
    0x00002eac   0x0000001c   Code   RO          633    i.__ARM_common_switch8  ir_decode.o
    0x00002ec8   0x0000000e   Code   RO         1032    i.__scatterload_copy  mc_p.l(handlers.o)
    0x00002ed6   0x00000002   Code   RO         1033    i.__scatterload_null  mc_p.l(handlers.o)
    0x00002ed8   0x0000000e   Code   RO         1034    i.__scatterload_zeroinit  mc_p.l(handlers.o)
    0x00002ee6   0x00000002   PAD
    0x00002ee8   0x000002dc   Code   RO          869    i._printf_core      mc_p.l(printf5.o)
    0x000031c4   0x00000020   Data   RO         1030    Region$$Table       anon$$obj.o


    Execution Region RW_IRAM1 (Base: 0x20000000, Size: 0x00000b78, Max: 0x00001000, ABSOLUTE)

    Base Addr    Size         Type   Attr      Idx    E Section Name        Object

    0x20000000   0x00000004   Data   RW            3    .data               system.o
    0x20000004   0x00000026   Data   RW          571    .data               remote_handle.o
    0x2000002a   0x00000002   PAD
    0x2000002c   0x00000098   Data   RW          659    .data               bk2425_initialization_141015.o
    0x200000c4   0x00000004   Data   RW         1004    .data               mc_p.l(stdout.o)
    0x200000c8   0x0000028a   Zero   RW          570    .bss                remote_handle.o
    0x20000352   0x00000024   Zero   RW          619    .bss                ir_decode.o
    0x20000376   0x00000002   PAD
    0x20000378   0x00000800   Zero   RW           40    STACK               startup.o


==============================================================================

Image component sizes


      Code (inc. data)   RO Data    RW Data    ZI Data      Debug   Object Name

       260         12          0          0          0       2648   am8813_misc.o
       768         32          0        152          0       3673   bk2425_initialization_141015.o
       156         18          0          0          0        873   bk2425_txrx.o
       504         14          0          0          0       1764   bsp_led.o
      1144         46          0          0          0       4025   bsp_spi.o
       192         16          0          0          0        810   bsp_timer.o
       304          6          0          0          0       3015   bsp_usart.o
       768         28          0          0          0       9535   ckcu.o
       252         12          0          0          0       4383   exception.o
      1164         34          0          0          0      10214   gpio.o
      1630         30          0          0          0      22055   gptm.o
       448         20          0          0         36       3129   ir_decode.o
       220         24          0          0          0       1900   main.o
         0          0          0          0          0       6128   pdma.o
       816        114          0         38        650       7065   remote_handle.o
        88          4          0          0          0        860   rstcu.o
       568         12          0          0          0      10715   spi.o
       228        200          0          0       2048        588   startup.o
       256         20          0          4          0      22637   system.o
       864          8          0          0          0       2529   test_func.o
      1012         20          0          0          0      10468   usart.o

    ----------------------------------------------------------------------
     11644        670         32        196       2736     129014   Object Totals
         0          0         32          0          0          0   (incl. Generated)
         2          0          0          2          2          0   (incl. Padding)

    ----------------------------------------------------------------------

      Code (inc. data)   RO Data    RW Data    ZI Data      Debug   Library Member Name

         0          0          0          0          0          0   entry.o
         0          0          0          0          0          0   entry10a.o
         0          0          0          0          0          0   entry11a.o
         8          4          0          0          0          0   entry2.o
         4          0          0          0          0          0   entry5.o
         0          0          0          0          0          0   entry7b.o
         0          0          0          0          0          0   entry8b.o
         8          4          0          0          0          0   entry9a.o
        30          0          0          0          0          0   handlers.o
        36          8          0          0          0         68   init.o
        32          0          0          0          0         68   llshl.o
        34          0          0          0          0         68   llushr.o
        36          0          0          0          0        100   memseta.o
       764         52          0          0          0        168   printf5.o
         0          0          0          4          0          0   stdout.o
        44          0          0          0          0         72   uidiv.o
        96          0          0          0          0         84   uldiv.o

    ----------------------------------------------------------------------
      1096         68          0          4          0        628   Library Totals
         4          0          0          0          0          0   (incl. Padding)

    ----------------------------------------------------------------------

      Code (inc. data)   RO Data    RW Data    ZI Data      Debug   Library Name

      1092         68          0          4          0        628   mc_p.l

    ----------------------------------------------------------------------
      1096         68          0          4          0        628   Library Totals

    ----------------------------------------------------------------------

==============================================================================


      Code (inc. data)   RO Data    RW Data    ZI Data      Debug   

     12740        738         32        200       2736     128122   Grand Totals
     12740        738         32        200       2736     128122   ELF Image Totals
     12740        738         32        200          0          0   ROM Totals

==============================================================================

    Total RO  Size (Code + RO Data)                12772 (  12.47kB)
    Total RW  Size (RW Data + ZI Data)              2936 (   2.87kB)
    Total ROM Size (Code + RO Data + RW Data)      12972 (  12.67kB)

==============================================================================

